
> my-project@0.1.0 build
> next build

▲ Next.js 16.1.6 (Turbopack)
- Environments: .env.local

  Creating an optimized production build ...
✓ Compiled successfully in 3.1s
  Skipping validation of types
  Collecting page data using 7 workers ...
  Generating static pages using 7 workers (0/13) ...
  Generating static pages using 7 workers (3/13) 
  Generating static pages using 7 workers (6/13) 
  Generating static pages using 7 workers (9/13) 
✓ Generating static pages using 7 workers (13/13) in 192.2ms
  Finalizing page optimization ...

Route (app)
┌ ○ /
├ ○ /_not-found
├ ƒ /api/inventory/materials
├ ƒ /api/inventory/movements
├ ƒ /api/inventory/stock
├ ƒ /api/inventory/warehouses
├ ƒ /auth/callback
├ ○ /equipment
├ ○ /icon.svg
├ ○ /inventory
├ ○ /login
└ ○ /signup


ƒ Proxy (Middleware)

○  (Static)   prerendered as static content
ƒ  (Dynamic)  server-rendered on demand

